{
  "scilla_major_version": "0",
  "gas_remaining": "6803",
  "_accepted": "true",
  "message": {
    "_tag": "OnSuccPayOff",
    "_amount": "0",
    "_recipient": "0xabfeccdc9012345678901234567890f777567890",
    "params": []
  },
  "states": [
    { "vname": "_balance", "type": "Uint128", "value": "0" },
    {
      "vname": "dbonds",
      "type": "Map (ByStr20) (Fcdb)",
      "value": [
        {
          "key": "0xabfeccdc9012345678901234567890f777567890",
          "val": {
            "constructor": "FcdbCon",
            "argtypes": [],
            "arguments": [
              {
                "constructor": "FiatBondCon",
                "argtypes": [],
                "arguments": [ "20000000", "US25152R5F60" ]
              },
              "10",
              "15768000",
              "31537000",
              "0xdeadbeefdeadbeef000000000000000000000001",
              "100000",
              "0xdeadbeefdeadbeef000000000000000000000002",
              "0xdeadbeefdeadbeef000000000000000000000003",
              "0xdeadbeefdeadbeef000000000000000000000004",
              "30000",
              "http://sdfsdf.com/sdfsdf"
            ]
          }
        }
      ]
    },
    {
      "vname": "received_p",
      "type": "Map (ByStr20) (Uint128)",
      "value": [
        {
          "key": "0xabfeccdc9012345678901234567890f777567890",
          "val": "850000"
        }
      ]
    },
    { "vname": "received_l", "type": "Map (ByStr20) (Uint128)", "value": [] },
    {
      "vname": "received_d",
      "type": "Map (ByStr20) (Uint128)",
      "value": [
        { "key": "0xabfeccdc9012345678901234567890f777567890", "val": "2" }
      ]
    },
    {
      "vname": "exchangable",
      "type": "Map (ByStr20) (Uint32)",
      "value": [
        { "key": "0xabfeccdc9012345678901234567890f777567890", "val": "1" }
      ]
    }
  ],
  "events": [
    {
      "_eventname": "AcceptPayOffSuccess",
      "params": [
        {
          "vname": "caller",
          "type": "ByStr20",
          "value": "0xdeadbeefdeadbeef000000000000000000000001"
        },
        {
          "vname": "db_contract",
          "type": "ByStr20",
          "value": "0xabfeccdc9012345678901234567890f777567890"
        }
      ]
    }
  ]
}