{
  "scilla_major_version": "0",
  "gas_remaining": "6909",
  "_accepted": "false",
  "message": null,
  "states": [
    { "vname": "_balance", "type": "Uint128", "value": "0" },
    {
      "vname": "dbond",
      "type": "Fcdb",
      "value": {
        "constructor": "FcdbCon",
        "argtypes": [],
        "arguments": [
          {
            "constructor": "FiatBondCon",
            "argtypes": [],
            "arguments": [ "1602324610", "US25152R5F60" ]
          },
          "10",
          "1602324610",
          "1602324610",
          "0xdeadbeefdeadbeef000000000000000000000001",
          "10000",
          "2",
          "0xdeadbeefdeadbeef000000000000000000000002",
          "0xdeadbeefdeadbeef000000000000000000000003",
          "0xdeadbeefdeadbeef000000000000000000000004",
          "300",
          "http://sdfsdf.com/sdfsdf"
        ]
      }
    },
    {
      "vname": "balances",
      "type": "Map (ByStr20) (Uint128)",
      "value": [
        { "key": "0x1234567890123456789012345678901234567890", "val": "10" }
      ]
    },
    {
      "vname": "allowed",
      "type": "Map (ByStr20) (Map (ByStr20) (Uint128))",
      "value": []
    }
  ],
  "events": [
    {
      "_eventname": "VerifyDBondSuccess",
      "params": [
        {
          "vname": "caller",
          "type": "ByStr20",
          "value": "0xdeadbeefdeadbeef000000000000000000000002"
        }
      ]
    }
  ]
}