{
  "scilla_major_version": "0",
  "gas_remaining": "6663",
  "_accepted": "true",
  "message": {
    "_tag": "Transfer",
    "_amount": "0",
    "_recipient": "0xdeadbeefdeadbeef000000000000000000000001",
    "params": [
      { "vname": "to", "type": "ByStr20", "value": "0x0000000000000000000000000000000000000002" },
      { "vname": "tokens", "type": "Uint128", "value": "100000" },
      { "vname": "code", "type": "Uint32", "value": "1" }
    ]
  },
  "states": [
    { "vname": "_balance", "type": "Uint128", "value": "0" },
    { "vname": "cur_state", "type": "Uint32", "value": "2" },
    {
      "vname": "balances",
      "type": "Map (ByStr20) (Uint128)",
      "value": [
        { "key": "0x1234567890123456789012345678901234567890", "val": "10" }
      ]
    },
    {
      "vname": "allowed",
      "type": "Map (ByStr20) (Map (ByStr20) (Uint128))",
      "value": []
    },
    {
      "vname": "dbond",
      "type": "Fcdb",
      "value": {
        "constructor": "FcdbCon",
        "argtypes": [],
        "arguments": [
          {
            "constructor": "FiatBondCon",
            "argtypes": [],
            "arguments": [ "20000000", "US25152R5F60" ]
          },
          "10",
          "15768000",
				  "31537000",
          "0xdeadbeefdeadbeef000000000000000000000001",
          "100000",
          "0xdeadbeefdeadbeef000000000000000000000002",
          "0xdeadbeefdeadbeef000000000000000000000003",
          "0xdeadbeefdeadbeef000000000000000000000004",
          "30000",
          "http://sdfsdf.com/sdfsdf"
        ]
      }
    },
    { "vname": "cur_timestamp", "type": "Uint32", "value": "0" },
    { "vname": "cur_price", "type": "Uint128", "value": "0" }
  ],
  "events": [ ]
}