{
  "scilla_major_version": "0",
  "gas_remaining": "6981",
  "_accepted": "false",
  "message": null,
  "states": [
    { "vname": "_balance", "type": "Uint128", "value": "0" },
    {
      "vname": "dbonds",
      "type": "Map (ByStr20) (Fcdb)",
      "value": [
      ]
    },
    { "vname": "received_p", "type": "Map (ByStr20) (Uint128)", "value": [] },
    { "vname": "received_l", "type": "Map (ByStr20) (Uint128)", "value": [] },
    { "vname": "received_d", "type": "Map (ByStr20) (Uint128)", "value": [] },
    { "vname": "exchangable", "type": "Map (ByStr20) (Uint32)", "value": [] }
  ],
  "events": [
    {
      "_eventname": "AddDBondFailureAuth",
      "params": [
        {
          "vname": "caller",
          "type": "ByStr20",
          "value": "0x12345678901234567890123456789012345678da"
        },
        {
          "vname": "db_contract",
          "type": "ByStr20",
          "value": "0xabfeccdc9012345678901234567890f777567890"
        }
      ]
    }
  ]
}