{
  "scilla_major_version": "0",
  "gas_remaining": "6608",
  "_accepted": "false",
  "message": {
    "_tag": "OnGetPrice",
    "_amount": "0",
    "_recipient": "0x000000000000000000000000000000000000000a",
    "params": [{ "vname": "upd_price", "type": "Uint128", "value": "40000" }]
  },
  "states": [
    { "vname": "_balance", "type": "Uint128", "value": "0" },
    { "vname": "cur_state", "type": "Uint32", "value": "2" },
    { "vname": "required_decimals", "type": "Uint32", "value": "4" },
    {
      "vname": "balances",
      "type": "Map (ByStr20) (Uint128)",
      "value": [
        { "key": "0x1234567890123456789012345678901234567890", "val": "100000" }
      ]
    },
    {
      "vname": "allowed",
      "type": "Map (ByStr20) (Map (ByStr20) (Uint128))",
      "value": []
    },
    {
      "vname": "dbond",
      "type": "Fcdb",
      "value": {
        "constructor": "FcdbCon",
        "argtypes": [],
        "arguments": [
          {
            "constructor": "FiatBondCon",
            "argtypes": [],
            "arguments": [ "20000000", "US25152R5F60" ]
          },
          "100000",
          "15768000",
				  "31537000",
          "0xdeadbeefdeadbeef000000000000000000000001",
          "100000",
          "0xdeadbeefdeadbeef000000000000000000000002",
          "0xdeadbeefdeadbeef000000000000000000000003",
          "0xdeadbeefdeadbeef000000000000000000000004",
          "30000",
          "http://sdfsdf.com/sdfsdf"
        ]
      }
    },
    { "vname": "cur_timestamp", "type": "Uint32", "value": "0" },
    { "vname": "cur_price", "type": "Uint128", "value": "40000" }
  ],
  "events": [
    {
      "_eventname": "GetUpdCurPriceSuccess",
      "params": [
        {
          "vname": "caller",
          "type": "ByStr20",
          "value": "0x000000000000000000000000000000000000000a"
        },
        { "vname": "upd_price", "type": "Uint128", "value": "40000" }
      ]
    }
  ]
}