{
  "scilla_major_version": "0",
  "gas_remaining": "6489",
  "_accepted": "true",
  "message": {
    "_tag": "Transfer",
    "_amount": "0",
    "_recipient": "0xdeadbeefdeadbeef000000000000000000000001",
    "params": [
      {
        "vname": "to",
        "type": "ByStr20",
        "value": "0xabfeccdc9012345678901234567890f77756789a"
      },
      { "vname": "tokens", "type": "Uint128", "value": "190000" },
      { "vname": "code", "type": "Uint32", "value": "0" }
    ]
  },
  "states": [
    { "vname": "_balance", "type": "Uint128", "value": "0" },
    { "vname": "decimals", "type": "Uint32", "value": "4" },
    {
      "vname": "dbonds",
      "type": "Map (ByStr20) (Fcdb)",
      "value": [
        {
          "key": "0xabfeccdc9012345678901234567890f777567890",
          "val": {
            "constructor": "FcdbCon",
            "argtypes": [],
            "arguments": [
              {
                "constructor": "FiatBondCon",
                "argtypes": [],
                "arguments": [ "20000000", "US25152R5F60" ]
              },
              "50000",
              "15768000",
              "31537000",
              "0xdeadbeefdeadbeef000000000000000000000001",
              "95000",
              "0xdeadbeefdeadbeef000000000000000000000002",
              "0xdeadbeefdeadbeef000000000000000000000003",
              "0xdeadbeefdeadbeef000000000000000000000004",
              "30000",
              "http://sdfsdf.com/sdfsdf"
            ]
          }
        }
      ]
    },
    {
      "vname": "received_p",
      "type": "Map (ByStr20) (Uint128)",
      "value": [
        {
          "key": "0xabfeccdc9012345678901234567890f777567890",
          "val": "0"
        }
      ]
    },
    { "vname": "received_l", "type": "Map (ByStr20) (Uint128)", "value": [] },
    {
      "vname": "received_d",
      "type": "Map (ByStr20) (Uint128)",
      "value": [
        {
          "key": "0xabfeccdc9012345678901234567890f777567890",
          "val": "50000"
        }
      ]
    },
    {
      "vname": "exchangeable",
      "type": "Map (ByStr20) (Uint32)",
      "value": [
        { "key": "0xabfeccdc9012345678901234567890f777567890", "val": "1" }
      ]
    }
  ],
  "events": [
    {
      "_eventname": "ExchangeDBondSuccess",
      "params": [
        {
          "vname": "db_contract",
          "type": "ByStr20",
          "value": "0xabfeccdc9012345678901234567890f777567890"
        },
        {
          "vname": "sender",
          "type": "ByStr20",
          "value": "0xabfeccdc9012345678901234567890f77756789a"
        }
      ]
    }
  ]
}